{
  "chapters": [],
  "file_hash": "6c6c1045ca0ae97b37e26331f270d24cc955d1ff8e8c283787fef20481b29710",
  "images_hash": "e3b0c44298fc1c149afbf4c8996fb92427ae41e4649b934ca495991b7852b855",
  "title": null
}